2026-03-16 14:10:08.088 | INFO     | __main__:main:107 - 🚀 Starting AI Resume Screening - Model Training Pipeline
2026-03-16 14:10:08.145 | INFO     | __main__:main:108 - 📁 Models will be saved to: C:\Users\girid\OneDrive\Desktop\resume_screening\models\saved
2026-03-16 14:10:08.146 | INFO     | __main__:main:111 - 
📂 Loading datasets...
2026-03-16 14:10:08.186 | INFO     | data.data_loader:load_resumes:20 - Loaded 30 resumes from C:\Users\girid\OneDrive\Desktop\resume_screening\data\sample_resumes.csv
2026-03-16 14:10:08.190 | INFO     | data.data_loader:load_jobs:32 - Loaded 15 job descriptions from C:\Users\girid\OneDrive\Desktop\resume_screening\data\sample_jobs.csv
2026-03-16 14:10:08.190 | INFO     | __main__:main:114 -    Loaded 30 resumes, 15 job descriptions
2026-03-16 14:10:08.191 | INFO     | __main__:main:117 - 
🧹 Preprocessing text...
2026-03-16 14:10:16.450 | INFO     | __main__:main:122 - 
⚙️  Building features...
2026-03-16 14:10:16.619 | INFO     | feature_engineering.tfidf_vectorizer:fit:51 - TF-IDF vectorizer fitted on 30 documents, 466 features
2026-03-16 14:10:16.727 | INFO     | feature_engineering.feature_builder:build_features:78 - Feature matrix shape: (30, 469)
2026-03-16 14:10:16.777 | INFO     | feature_engineering.tfidf_vectorizer:save:83 - Vectorizer saved to C:\Users\girid\OneDrive\Desktop\resume_screening\models\saved\tfidf_vectorizer.pkl
2026-03-16 14:10:16.777 | INFO     | __main__:main:125 -    Feature matrix: (30, 469), Labels: 8 classes
2026-03-23 11:12:18.982 | INFO     | __main__:main:107 - 🚀 Starting AI Resume Screening - Model Training Pipeline
2026-03-23 11:12:19.077 | INFO     | __main__:main:108 - 📁 Models will be saved to: C:\Users\girid\OneDrive\Desktop\resume_screening\models\saved
2026-03-23 11:12:19.079 | INFO     | __main__:main:111 - 
📂 Loading datasets...
2026-03-23 11:12:19.115 | INFO     | data.data_loader:load_resumes:20 - Loaded 30 resumes from C:\Users\girid\OneDrive\Desktop\resume_screening\data\sample_resumes.csv
2026-03-23 11:12:19.118 | INFO     | data.data_loader:load_jobs:32 - Loaded 15 job descriptions from C:\Users\girid\OneDrive\Desktop\resume_screening\data\sample_jobs.csv
2026-03-23 11:12:19.119 | INFO     | __main__:main:114 -    Loaded 30 resumes, 15 job descriptions
2026-03-23 11:12:19.119 | INFO     | __main__:main:117 - 
🧹 Preprocessing text...
2026-03-23 11:12:26.979 | INFO     | __main__:main:122 - 
⚙️  Building features...
2026-03-23 11:12:27.009 | INFO     | feature_engineering.tfidf_vectorizer:fit:51 - TF-IDF vectorizer fitted on 30 documents, 466 features
2026-03-23 11:12:27.023 | INFO     | feature_engineering.feature_builder:build_features:78 - Feature matrix shape: (30, 469)
2026-03-23 11:12:27.047 | INFO     | feature_engineering.tfidf_vectorizer:save:83 - Vectorizer saved to C:\Users\girid\OneDrive\Desktop\resume_screening\models\saved\tfidf_vectorizer.pkl
2026-03-23 11:12:27.047 | INFO     | __main__:main:125 -    Feature matrix: (30, 469), Labels: 8 classes
2026-04-03 16:28:48.960 | INFO     | models.train_models:main:107 - 🚀 Starting AI Resume Screening - Model Training Pipeline
2026-04-03 16:28:48.963 | INFO     | models.train_models:main:108 - 📁 Models will be saved to: C:\Users\girid\OneDrive\Desktop\resume_screening\models\saved
2026-04-03 16:28:48.964 | INFO     | models.train_models:main:111 - 
📂 Loading datasets...
2026-04-03 16:28:49.046 | INFO     | data.data_loader:load_resumes:20 - Loaded 30 resumes from C:\Users\girid\OneDrive\Desktop\resume_screening\data\sample_resumes.csv
2026-04-03 16:28:49.048 | INFO     | data.data_loader:load_jobs:32 - Loaded 15 job descriptions from C:\Users\girid\OneDrive\Desktop\resume_screening\data\sample_jobs.csv
2026-04-03 16:28:49.050 | INFO     | models.train_models:main:114 -    Loaded 30 resumes, 15 job descriptions
2026-04-03 16:28:49.050 | INFO     | models.train_models:main:117 - 
🧹 Preprocessing text...
2026-04-03 16:28:52.387 | INFO     | models.train_models:main:122 - 
⚙️  Building features...
2026-04-03 16:28:52.955 | INFO     | feature_engineering.tfidf_vectorizer:fit:51 - TF-IDF vectorizer fitted on 30 documents, 466 features
2026-04-03 16:28:52.967 | INFO     | feature_engineering.feature_builder:build_features:78 - Feature matrix shape: (30, 469)
2026-04-03 16:28:52.979 | INFO     | feature_engineering.tfidf_vectorizer:save:83 - Vectorizer saved to C:\Users\girid\OneDrive\Desktop\resume_screening\models\saved\tfidf_vectorizer.pkl
2026-04-03 16:28:52.981 | INFO     | models.train_models:main:125 -    Feature matrix: (30, 469), Labels: 8 classes
2026-04-03 16:31:37.115 | INFO     | models.train_models:main:107 - 🚀 Starting AI Resume Screening - Model Training Pipeline
2026-04-03 16:31:37.119 | INFO     | models.train_models:main:108 - 📁 Models will be saved to: C:\Users\girid\OneDrive\Desktop\resume_screening\models\saved
2026-04-03 16:31:37.122 | INFO     | models.train_models:main:111 - 
📂 Loading datasets...
2026-04-03 16:31:37.139 | INFO     | data.data_loader:load_resumes:20 - Loaded 30 resumes from C:\Users\girid\OneDrive\Desktop\resume_screening\data\sample_resumes.csv
2026-04-03 16:31:37.150 | INFO     | data.data_loader:load_jobs:32 - Loaded 15 job descriptions from C:\Users\girid\OneDrive\Desktop\resume_screening\data\sample_jobs.csv
2026-04-03 16:31:37.161 | INFO     | models.train_models:main:114 -    Loaded 30 resumes, 15 job descriptions
2026-04-03 16:31:37.164 | INFO     | models.train_models:main:117 - 
🧹 Preprocessing text...
2026-04-03 16:31:40.673 | INFO     | models.train_models:main:122 - 
⚙️  Building features...
2026-04-03 16:31:40.689 | INFO     | feature_engineering.tfidf_vectorizer:fit:51 - TF-IDF vectorizer fitted on 30 documents, 466 features
2026-04-03 16:31:40.699 | INFO     | feature_engineering.feature_builder:build_features:78 - Feature matrix shape: (30, 469)
2026-04-03 16:31:40.710 | INFO     | feature_engineering.tfidf_vectorizer:save:83 - Vectorizer saved to C:\Users\girid\OneDrive\Desktop\resume_screening\models\saved\tfidf_vectorizer.pkl
2026-04-03 16:31:40.710 | INFO     | models.train_models:main:125 -    Feature matrix: (30, 469), Labels: 8 classes
2026-04-03 16:31:40.716 | INFO     | models.train_models:train_classifier:36 - ============================================================
2026-04-03 16:31:40.717 | INFO     | models.train_models:train_classifier:37 - TRAINING RESUME CLASSIFIERS
2026-04-03 16:31:40.717 | INFO     | models.train_models:train_classifier:38 - ============================================================
2026-04-03 16:31:41.015 | INFO     | models.resume_classifier:train:64 - logistic_regression trained on 24 samples, 7 classes
2026-04-03 16:31:41.031 | INFO     | models.resume_classifier:evaluate:103 - logistic_regression → Accuracy: 0.1667, F1: 0.1333
2026-04-03 16:31:41.737 | INFO     | models.resume_classifier:train:64 - random_forest trained on 24 samples, 7 classes
2026-04-03 16:31:41.819 | INFO     | models.resume_classifier:evaluate:103 - random_forest → Accuracy: 0.1667, F1: 0.1667
2026-04-03 16:31:41.851 | INFO     | models.resume_classifier:train:64 - svm trained on 24 samples, 7 classes
2026-04-03 16:31:41.880 | INFO     | models.resume_classifier:evaluate:103 - svm → Accuracy: 0.1667, F1: 0.1333
2026-04-03 16:31:41.881 | INFO     | models.train_models:train_classifier:42 - 
📊 CLASSIFIER COMPARISON RESULTS:
2026-04-03 16:31:41.882 | INFO     | models.train_models:train_classifier:44 -   logistic_regression       | Accuracy: 0.1667 | F1: 0.1333
2026-04-03 16:31:41.882 | INFO     | models.train_models:train_classifier:44 -   random_forest             | Accuracy: 0.1667 | F1: 0.1667
2026-04-03 16:31:41.882 | INFO     | models.train_models:train_classifier:44 -   svm                       | Accuracy: 0.1667 | F1: 0.1333
2026-04-03 16:31:41.883 | INFO     | models.train_models:train_classifier:47 - 
✅ Best model: logistic_regression (Accuracy: 0.1667)
2026-04-03 16:31:42.110 | INFO     | models.resume_classifier:train:64 - logistic_regression trained on 24 samples, 7 classes
2026-04-03 16:31:42.121 | INFO     | models.resume_classifier:save:127 - Classifier saved to C:\Users\girid\OneDrive\Desktop\resume_screening\models\saved
2026-04-03 16:31:42.122 | INFO     | models.train_models:train_matcher:66 - ============================================================
2026-04-03 16:31:42.123 | INFO     | models.train_models:train_matcher:67 - TRAINING RESUME MATCHER
2026-04-03 16:31:42.123 | INFO     | models.train_models:train_matcher:68 - ============================================================
2026-04-03 16:31:42.139 | INFO     | feature_engineering.tfidf_vectorizer:fit:51 - TF-IDF vectorizer fitted on 15 documents, 415 features
2026-04-03 16:31:42.149 | INFO     | models.resume_matcher:fit_jobs:43 - ResumeMatcher fitted on 15 job descriptions
2026-04-03 16:31:42.170 | INFO     | feature_engineering.tfidf_vectorizer:save:83 - Vectorizer saved to C:\Users\girid\OneDrive\Desktop\resume_screening\models\saved\matcher_tfidf.pkl
2026-04-03 16:31:42.170 | INFO     | models.train_models:train_matcher:73 - ✅ ResumeMatcher fitted on 15 jobs
2026-04-03 16:31:42.171 | INFO     | models.train_models:train_hiring_predictor:79 - ============================================================
2026-04-03 16:31:42.171 | INFO     | models.train_models:train_hiring_predictor:80 - TRAINING HIRING SUCCESS PREDICTOR
2026-04-03 16:31:42.172 | INFO     | models.train_models:train_hiring_predictor:81 - ============================================================
2026-04-03 16:31:42.510 | INFO     | models.hiring_predictor:train:129 - HiringPredictor trained with 800 samples (XGBoost)
2026-04-03 16:31:42.535 | INFO     | models.train_models:train_hiring_predictor:92 - ✅ HiringPredictor trained | Accuracy: 0.9550 | AUC: 0.9925
2026-04-03 16:31:42.537 | INFO     | models.train_models:train_hiring_predictor:95 - 
🔍 FEATURE IMPORTANCE:
2026-04-03 16:31:42.537 | INFO     | models.train_models:train_hiring_predictor:97 -   ats_score                 | 0.3150
2026-04-03 16:31:42.537 | INFO     | models.train_models:train_hiring_predictor:97 -   skill_match_score         | 0.2812
2026-04-03 16:31:42.539 | INFO     | models.train_models:train_hiring_predictor:97 -   years_experience          | 0.1610
2026-04-03 16:31:42.539 | INFO     | models.train_models:train_hiring_predictor:97 -   keyword_match_score       | 0.0816
2026-04-03 16:31:42.539 | INFO     | models.train_models:train_hiring_predictor:97 -   education_level           | 0.0793
2026-04-03 16:31:42.540 | INFO     | models.train_models:train_hiring_predictor:97 -   skill_count               | 0.0437
2026-04-03 16:31:42.542 | INFO     | models.train_models:train_hiring_predictor:97 -   structure_score           | 0.0382
2026-04-03 16:31:42.555 | INFO     | models.hiring_predictor:save:178 - HiringPredictor saved to C:\Users\girid\OneDrive\Desktop\resume_screening\models\saved
2026-04-03 16:31:42.556 | INFO     | models.train_models:main:142 - 
============================================================
2026-04-03 16:31:42.556 | INFO     | models.train_models:main:143 - ✅ ALL MODELS TRAINED SUCCESSFULLY!
2026-04-03 16:31:42.557 | INFO     | models.train_models:main:144 - 📁 Saved models to: C:\Users\girid\OneDrive\Desktop\resume_screening\models\saved
2026-04-03 16:31:42.558 | INFO     | models.train_models:main:145 - ============================================================
2026-04-03 16:31:42.558 | INFO     | models.train_models:main:146 - 
Saved files:
2026-04-03 16:31:42.560 | INFO     | models.train_models:main:148 -   📄 classifier_comparison.json
2026-04-03 16:31:42.560 | INFO     | models.train_models:main:148 -   📄 classifier_logistic_regression.pkl
2026-04-03 16:31:42.560 | INFO     | models.train_models:main:148 -   📄 hiring_predictor.pkl
2026-04-03 16:31:42.561 | INFO     | models.train_models:main:148 -   📄 hiring_scaler.pkl
2026-04-03 16:31:42.561 | INFO     | models.train_models:main:148 -   📄 label_encoder.pkl
2026-04-03 16:31:42.562 | INFO     | models.train_models:main:148 -   📄 matcher_tfidf.pkl
2026-04-03 16:31:42.562 | INFO     | models.train_models:main:148 -   📄 tfidf_vectorizer.pkl
